[setup] generating 2,000,000 distinct edges on 1,000,000 vertices ...
[setup] done in 1.2s
[incremental] build: 4.81s, components=754, RSS=861 MB
[incremental] applying 10,000 updates + queries ...
[incremental] updates: 1.157s, queries: 0.012s, total: 1.169s, RSS=1042 MB
[full] replaying sequence, timing full recompute at 25 sampled steps ...
  step      0: full recompute 0.64s (2,000,001 edges), match=True
  step    417: full recompute 0.53s (1,999,994 edges), match=True
  step    833: full recompute 0.53s (2,000,012 edges), match=True
  step   1250: full recompute 0.59s (2,000,003 edges), match=True
  step   1666: full recompute 0.59s (1,999,977 edges), match=True
  step   2083: full recompute 0.63s (1,999,994 edges), match=True
  step   2500: full recompute 0.64s (1,999,975 edges), match=True
  step   2916: full recompute 0.52s (1,999,993 edges), match=True
  step   3333: full recompute 0.53s (1,999,990 edges), match=True
  step   3750: full recompute 0.55s (2,000,015 edges), match=True
  step   4166: full recompute 0.61s (1,999,989 edges), match=True
  step   4583: full recompute 0.52s (1,999,972 edges), match=True
  step   5000: full recompute 0.53s (1,999,971 edges), match=True
  step   5416: full recompute 0.55s (1,999,969 edges), match=True
  step   5833: full recompute 0.52s (1,999,988 edges), match=True
  step   6249: full recompute 0.53s (1,999,966 edges), match=True
  step   6666: full recompute 0.53s (1,999,969 edges), match=True
  step   7083: full recompute 0.74s (1,999,962 edges), match=True
  step   7499: full recompute 0.52s (1,999,958 edges), match=True
  step   7916: full recompute 0.67s (1,999,953 edges), match=True
  step   8332: full recompute 0.55s (1,999,975 edges), match=True
  step   8749: full recompute 0.52s (1,999,990 edges), match=True
  step   9166: full recompute 0.51s (1,999,987 edges), match=True
  step   9582: full recompute 0.52s (1,999,987 edges), match=True
  step   9999: full recompute 0.53s (1,999,978 edges), match=True
[full] avg recompute+query: 0.563s -> estimated total for 10,000 updates: 5634s

================================================================
graph: n=1,000,000, m0=2,000,000, updates=10,000 (seed=20260927)
incremental : build     4.81s | updates+queries    1.169s
full x10000 : avg    0.563s | estimated total       5634s
speedup     : 4,818x
correctness : 25/25 sampled query answers identical
memory RSS  : before build 365 MB -> after build 861 MB -> after workload gen 1042 MB -> after 10,000 updates 1042 MB (library delta during updates +0.2 MB)
================================================================
{"n": 1000000, "m0": 2000000, "updates": 10000, "seed": 20260927, "build_s": 4.81, "incremental_total_s": 1.1693, "incremental_updates_s": 1.1569, "incremental_queries_s": 0.0124, "full_recompute_avg_s": 0.5634, "full_recompute_est_total_s": 5633.9, "speedup": 4818.1, "sampled_mismatches": 0, "rss_mb": {"before": 365, "after_build": 861, "after_workload_gen": 1041, "after_updates": 1041}}
